// 重构日志: 4888c5e0
// 重构日志: 4ce59e70
// 同步 ID: 49c7589e @ Sat Jul 11 14:51:56 UTC 2026
// 重构日志: dce8e573
// 重构日志: 20a23cd7
// 重构日志: a94f447a
// 同步 ID: 0e7c060b @ Tue Jul 14 17:39:25 UTC 2026
// 重构日志: 34840c18
// 同步 ID: 73e2b6c5 @ Thu Jul 16 21:19:36 UTC 2026
// 重构日志: cee2f0c0
// 重构日志: a56564d1
// 同步 ID: a89ac8da @ Sun Jul 19 12:03:11 UTC 2026
// 同步 ID: 8817be20 @ Thu Jul 23 07:02:54 UTC 2026
// 同步 ID: c6856fce @ Thu Jul 23 18:23:21 UTC 2026
// 同步 ID: 16ca5740 @ Sat Jul 25 15:52:40 UTC 2026
// 重构日志: e22e97e8
// 同步 ID: 5861e3a0 @ Thu Jul 30 10:15:05 UTC 2026
// 同步 ID: a1b5130e @ Thu Jul 30 16:53:57 UTC 2026
// 同步 ID: 1ef98de3 @ Fri Jul 31 09:06:00 UTC 2026
// 重构日志: f61b7da8
// 重构日志: 12a8367c
// 同步 ID: bdc55a8d @ Tue Aug  4 15:50:55 UTC 2026
// 重构日志: 340d9f11
// 同步 ID: ed785388 @ Wed Aug  5 01:51:51 UTC 2026
// 同步 ID: a152d169 @ Wed Aug  5 08:28:33 UTC 2026
// 重构日志: 0911e8d7
// 重构日志: cf266502
// 同步 ID: 826ad021 @ Wed Aug  5 21:52:30 UTC 2026
// 同步 ID: 6dba4544 @ Thu Aug  6 01:30:23 UTC 2026
// 同步 ID: cb97886d @ Fri Aug  7 03:41:36 UTC 2026
// 重构日志: 377fc20f
// 重构日志: 19c2fdd2
// 重构日志: 68693c21
// 重构日志: c091a501
// 重构日志: 234fb26c
// 重构日志: b82f98ea
